// Jest Snapshot v1, https://goo.gl/fbAQLP

exports[`Shop Component Shop Renders All products and filters on load 1`] = `
<div>
  <div
    class="shopContent"
  >
    <div
      class="filter"
    >
      <h1
        id="shopHeading"
        test-id="shop"
      >
        Shop
      </h1>
      <div
        class="filterText"
      >
        <input
          placeholder="Utensils"
          type="checkbox"
        />
        <label>
          Utensils
        </label>
      </div>
      <div
        class="filterText"
      >
        <input
          placeholder="Dishware"
          type="checkbox"
        />
        <label>
          Dishware
        </label>
      </div>
      <div
        class="filterText"
      >
        <input
          placeholder="Napkins"
          type="checkbox"
        />
        <label>
          Napkins
        </label>
      </div>
    </div>
    <div
      class="products"
    >
      <div
        class="card"
      >
        <img
          alt="./Images/Exquisite-Spork.png"
          class="cardImg"
          src="./Images/Exquisite-Spork.png"
        />
        <h4>
          <a
            href="#/shop/Exquisite-Spork"
          >
            Exquisite-Spork
          </a>
        </h4>
        <h4>
          $125
        </h4>
      </div>
      <div
        class="card"
      >
        <img
          alt="./Images/Exquisite-Splayd.png"
          class="cardImg"
          src="./Images/Exquisite-Splayd.png"
        />
        <h4>
          <a
            href="#/shop/Exquisite-Splayd"
          >
            Exquisite-Splayd
          </a>
        </h4>
        <h4>
          $155
        </h4>
      </div>
      <div
        class="card"
      >
        <img
          alt="./Images/Wooden-Spoon.png"
          class="cardImg"
          src="./Images/Wooden-Spoon.png"
        />
        <h4>
          <a
            href="#/shop/Wooden-Spoon"
          >
            Wooden-Spoon
          </a>
        </h4>
        <h4>
          $15
        </h4>
      </div>
      <div
        class="card"
      >
        <img
          alt="./Images/Blate.png"
          class="cardImg"
          src="./Images/Blate.png"
        />
        <h4>
          <a
            href="#/shop/Blate"
          >
            Blate
          </a>
        </h4>
        <h4>
          $165
        </h4>
      </div>
      <div
        class="card"
      >
        <img
          alt="./Images/Bowl.png"
          class="cardImg"
          src="./Images/Bowl.png"
        />
        <h4>
          <a
            href="#/shop/Bowl"
          >
            Bowl
          </a>
        </h4>
        <h4>
          $54
        </h4>
      </div>
      <div
        class="card"
      >
        <img
          alt="./Images/Plate.png"
          class="cardImg"
          src="./Images/Plate.png"
        />
        <h4>
          <a
            href="#/shop/Plate"
          >
            Plate
          </a>
        </h4>
        <h4>
          $54
        </h4>
      </div>
      <div
        class="card"
      >
        <img
          alt="./Images/White-Napkins.png"
          class="cardImg"
          src="./Images/White-Napkins.png"
        />
        <h4>
          <a
            href="#/shop/White-Napkins"
          >
            White-Napkins
          </a>
        </h4>
        <h4>
          $20
        </h4>
      </div>
      <div
        class="card"
      >
        <img
          alt="./Images/Blue-Napkins.png"
          class="cardImg"
          src="./Images/Blue-Napkins.png"
        />
        <h4>
          <a
            href="#/shop/Blue-Napkins"
          >
            Blue-Napkins
          </a>
        </h4>
        <h4>
          $20
        </h4>
      </div>
      <div
        class="card"
      >
        <img
          alt="./Images/Green-Napkins.png"
          class="cardImg"
          src="./Images/Green-Napkins.png"
        />
        <h4>
          <a
            href="#/shop/Green-Napkins"
          >
            Green-Napkins
          </a>
        </h4>
        <h4>
          $20
        </h4>
      </div>
    </div>
  </div>
</div>
`;
